// Jest Snapshot v1, https://goo.gl/fbAQLP

exports[`Server - e2e gets list of drayings\` 1`] = `
Object {
  "data": Object {
    "drayings": Object {
      "__typename": "DrayingConnection",
      "edges": Array [],
      "pageInfo": Object {
        "endCursor": null,
        "hasNextPage": false,
        "hasPreviousPage": false,
        "startCursor": null,
      },
      "totalCount": 0,
    },
  },
}
`;
